Hello from test task